
[2026-02-10 09:31:58 UTC] autofix: patched Makefile setup for venv bootstrap/PEP668

[2026-02-10 09:31:58 UTC] $ make all
Looking in indexes: https://pypi.org/simple, https://download.pytorch.org/whl/cpu
Requirement already satisfied: numpy==1.26.4 in ./.venv/lib/python3.12/site-packages (from -r requirements.txt (line 2)) (1.26.4)
Requirement already satisfied: scipy==1.13.1 in ./.venv/lib/python3.12/site-packages (from -r requirements.txt (line 3)) (1.13.1)
Requirement already satisfied: pandas==2.2.2 in ./.venv/lib/python3.12/site-packages (from -r requirements.txt (line 4)) (2.2.2)
Requirement already satisfied: pyarrow==16.1.0 in ./.venv/lib/python3.12/site-packages (from -r requirements.txt (line 5)) (16.1.0)
Requirement already satisfied: PyYAML==6.0.1 in ./.venv/lib/python3.12/site-packages (from -r requirements.txt (line 6)) (6.0.1)
Requirement already satisfied: tqdm==4.66.4 in ./.venv/lib/python3.12/site-packages (from -r requirements.txt (line 7)) (4.66.4)
Requirement already satisfied: scikit-learn==1.5.1 in ./.venv/lib/python3.12/site-packages (from -r requirements.txt (line 8)) (1.5.1)
Requirement already satisfied: torch==2.3.1+cpu in ./.venv/lib/python3.12/site-packages (from -r requirements.txt (line 14)) (2.3.1+cpu)
Requirement already satisfied: pytest==8.2.2 in ./.venv/lib/python3.12/site-packages (from -r requirements.txt (line 17)) (8.2.2)
Requirement already satisfied: python-dateutil>=2.8.2 in ./.venv/lib/python3.12/site-packages (from pandas==2.2.2->-r requirements.txt (line 4)) (2.9.0.post0)
Requirement already satisfied: pytz>=2020.1 in ./.venv/lib/python3.12/site-packages (from pandas==2.2.2->-r requirements.txt (line 4)) (2025.2)
Requirement already satisfied: tzdata>=2022.7 in ./.venv/lib/python3.12/site-packages (from pandas==2.2.2->-r requirements.txt (line 4)) (2025.3)
Requirement already satisfied: joblib>=1.2.0 in ./.venv/lib/python3.12/site-packages (from scikit-learn==1.5.1->-r requirements.txt (line 8)) (1.5.3)
Requirement already satisfied: threadpoolctl>=3.1.0 in ./.venv/lib/python3.12/site-packages (from scikit-learn==1.5.1->-r requirements.txt (line 8)) (3.6.0)
Requirement already satisfied: filelock in ./.venv/lib/python3.12/site-packages (from torch==2.3.1+cpu->-r requirements.txt (line 14)) (3.20.3)
Requirement already satisfied: typing-extensions>=4.8.0 in ./.venv/lib/python3.12/site-packages (from torch==2.3.1+cpu->-r requirements.txt (line 14)) (4.15.0)
Requirement already satisfied: sympy in ./.venv/lib/python3.12/site-packages (from torch==2.3.1+cpu->-r requirements.txt (line 14)) (1.14.0)
Requirement already satisfied: networkx in ./.venv/lib/python3.12/site-packages (from torch==2.3.1+cpu->-r requirements.txt (line 14)) (3.6.1)
Requirement already satisfied: jinja2 in ./.venv/lib/python3.12/site-packages (from torch==2.3.1+cpu->-r requirements.txt (line 14)) (3.1.6)
Requirement already satisfied: fsspec in ./.venv/lib/python3.12/site-packages (from torch==2.3.1+cpu->-r requirements.txt (line 14)) (2026.2.0)
Requirement already satisfied: iniconfig in ./.venv/lib/python3.12/site-packages (from pytest==8.2.2->-r requirements.txt (line 17)) (2.3.0)
Requirement already satisfied: packaging in ./.venv/lib/python3.12/site-packages (from pytest==8.2.2->-r requirements.txt (line 17)) (26.0)
Requirement already satisfied: pluggy<2.0,>=1.5 in ./.venv/lib/python3.12/site-packages (from pytest==8.2.2->-r requirements.txt (line 17)) (1.6.0)
Requirement already satisfied: six>=1.5 in ./.venv/lib/python3.12/site-packages (from python-dateutil>=2.8.2->pandas==2.2.2->-r requirements.txt (line 4)) (1.17.0)
Requirement already satisfied: MarkupSafe>=2.0 in ./.venv/lib/python3.12/site-packages (from jinja2->torch==2.3.1+cpu->-r requirements.txt (line 14)) (3.0.3)
Requirement already satisfied: mpmath<1.4,>=1.1.0 in ./.venv/lib/python3.12/site-packages (from sympy->torch==2.3.1+cpu->-r requirements.txt (line 14)) (1.3.0)
Venv ready at '.venv'.
/home/alireza/research-autopilot/generated_projects/wikilink-graph-retrieval/.venv/lib/python3.12/site-packages/torch/nn/modules/transformer.py:306: UserWarning: enable_nested_tensor is True, but self.use_nested_tensor is False because encoder_layer.norm_first was True
  warnings.warn(f"enable_nested_tensor is True, but self.use_nested_tensor is False because {why_not_sparsity_fast_path}")
/home/alireza/research-autopilot/generated_projects/wikilink-graph-retrieval/.venv/lib/python3.12/site-packages/torch/nn/modules/transformer.py:306: UserWarning: enable_nested_tensor is True, but self.use_nested_tensor is False because encoder_layer.norm_first was True
  warnings.warn(f"enable_nested_tensor is True, but self.use_nested_tensor is False because {why_not_sparsity_fast_path}")
[dense_text_only] epoch=1/1 step=25 loss=1.9612
[dense_text_graph] epoch=1/1 step=25 loss=1.9673
/home/alireza/research-autopilot/generated_projects/wikilink-graph-retrieval/.venv/lib/python3.12/site-packages/torch/nn/modules/transformer.py:306: UserWarning: enable_nested_tensor is True, but self.use_nested_tensor is False because encoder_layer.norm_first was True
  warnings.warn(f"enable_nested_tensor is True, but self.use_nested_tensor is False because {why_not_sparsity_fast_path}")
/home/alireza/research-autopilot/generated_projects/wikilink-graph-retrieval/.venv/lib/python3.12/site-packages/torch/nn/modules/transformer.py:306: UserWarning: enable_nested_tensor is True, but self.use_nested_tensor is False because encoder_layer.norm_first was True
  warnings.warn(f"enable_nested_tensor is True, but self.use_nested_tensor is False because {why_not_sparsity_fast_path}")
